<?xml version="1.0"?>
<testsuites>
  <testsuite name="PhantomJS 1.9.2 (Mac OS X)" package="undefined" timestamp="2013-11-19T17:25:12" id="0" hostname="harry.local" tests="5" errors="1" failures="0" time="0">
    <properties>
      <property name="browser.fullName" value="Mozilla/5.0 (Macintosh; Intel Mac OS X) AppleWebKit/534.34 (KHTML, like Gecko) PhantomJS/1.9.2 Safari/534.34"/>
    </properties>
    <system-out><![CDATA[
]]></system-out>
    <system-err/>
  </testsuite>
</testsuites>
